Component: ARM Compiler 5.06 update 5 (build 528) Tool: armlink [4d35e2]

==============================================================================

Section Cross References

    main.o(.text) refers to misc.o(.text) for NVIC_PriorityGroupConfig
    main.o(.text) refers to spi_msd0_driver.o(.text) for MSD0_SPI_Configuration
    main.o(.text) refers to delay.o(.text) for delay_init
    main.o(.text) refers to usart.o(.text) for uart1_init
    main.o(.text) refers to sm12126.o(.text) for SM12126_GPIO_Init
    main.o(.text) refers to led_cube.o(.text) for Level_GPIO_Init
    main.o(.text) refers to usart.o(.data) for Cube_Index
    main.o(.text) refers to led_cube.o(.data) for JJ_flag
    system_stm32f4xx.o(.text) refers to system_stm32f4xx.o(.data) for SystemCoreClock
    startup_stm32f40_41xxx.o(RESET) refers to startup_stm32f40_41xxx.o(STACK) for __initial_sp
    startup_stm32f40_41xxx.o(RESET) refers to startup_stm32f40_41xxx.o(.text) for Reset_Handler
    startup_stm32f40_41xxx.o(RESET) refers to stm32f4xx_it.o(.text) for NMI_Handler
    startup_stm32f40_41xxx.o(RESET) refers to usart.o(.text) for USART1_IRQHandler
    startup_stm32f40_41xxx.o(RESET) refers to tim.o(.text) for TIM6_DAC_IRQHandler
    startup_stm32f40_41xxx.o(.text) refers to system_stm32f4xx.o(.text) for SystemInit
    startup_stm32f40_41xxx.o(.text) refers to entry.o(.ARM.Collect$$$$00000000) for __main
    stm32f4xx_adc.o(.text) refers to stm32f4xx_rcc.o(.text) for RCC_APB2PeriphResetCmd
    stm32f4xx_dac.o(.text) refers to stm32f4xx_rcc.o(.text) for RCC_APB1PeriphResetCmd
    stm32f4xx_gpio.o(.text) refers to stm32f4xx_rcc.o(.text) for RCC_AHB1PeriphResetCmd
    stm32f4xx_i2c.o(.text) refers to stm32f4xx_rcc.o(.text) for RCC_APB1PeriphResetCmd
    stm32f4xx_spi.o(.text) refers to stm32f4xx_rcc.o(.text) for RCC_APB2PeriphResetCmd
    stm32f4xx_usart.o(.text) refers to stm32f4xx_rcc.o(.text) for RCC_APB2PeriphResetCmd
    stm32f4xx_rcc.o(.text) refers to stm32f4xx_rcc.o(.data) for APBAHBPrescTable
    stm32f4xx_tim.o(.text) refers to stm32f4xx_rcc.o(.text) for RCC_APB2PeriphResetCmd
    delay.o(.text) refers to misc.o(.text) for SysTick_CLKSourceConfig
    delay.o(.text) refers to delay.o(.data) for fac_us
    usart.o(.text) refers to stm32f4xx_rcc.o(.text) for RCC_AHB1PeriphClockCmd
    usart.o(.text) refers to stm32f4xx_gpio.o(.text) for GPIO_PinAFConfig
    usart.o(.text) refers to stm32f4xx_usart.o(.text) for USART_Init
    usart.o(.text) refers to misc.o(.text) for NVIC_Init
    usart.o(.text) refers to delay.o(.text) for delay_ms
    usart.o(.text) refers to usart.o(.data) for Cube_Index
    tim.o(.text) refers to misc.o(.text) for NVIC_PriorityGroupConfig
    tim.o(.text) refers to stm32f4xx_rcc.o(.text) for RCC_APB1PeriphClockCmd
    tim.o(.text) refers to stm32f4xx_tim.o(.text) for TIM_TimeBaseInit
    tim.o(.text) refers to tim.o(.data) for _1msflag
    sm12126.o(.text) refers to stm32f4xx_rcc.o(.text) for RCC_AHB1PeriphClockCmd
    sm12126.o(.text) refers to stm32f4xx_gpio.o(.text) for GPIO_Init
    tfcard.o(.text) refers to ff.o(.text) for f_mount
    tfcard.o(.text) refers to tfcard.o(.bss) for fs
    tfcard.o(.text) refers to tfcard.o(.data) for res_flash
    led_cube.o(.text) refers to stm32f4xx_rcc.o(.text) for RCC_AHB1PeriphClockCmd
    led_cube.o(.text) refers to stm32f4xx_gpio.o(.text) for GPIO_Init
    led_cube.o(.text) refers to delay.o(.text) for delay_us
    led_cube.o(.text) refers to sm12126.o(.text) for WriteData
    led_cube.o(.text) refers to led_cube.o(.data) for index_level
    led_cube.o(.text) refers to tfcard.o(.bss) for Face
    led_cube.o(.text) refers to tfcard.o(.text) for TFCard_Init
    led_cube.o(.text) refers to memcpya.o(.text) for __aeabi_memcpy4
    led_cube.o(.text) refers to spi_msd0_driver.o(.data) for speed
    led_cube.o(.text) refers to led_cube.o(.constdata) for .constdata
    led_cube.o(.constdata) refers to led_cube.o(.conststring) for .conststring
    led_cube.o(.data) refers to led_cube.o(.conststring) for .conststring
    diskio.o(.text) refers to spi_msd0_driver.o(.text) for MSD0_Init
    diskio.o(.text) refers to spi_msd0_driver.o(.bss) for SD0_CardInfo
    ff.o(.text) refers to diskio.o(.text) for disk_write
    ff.o(.text) refers to ff.o(.constdata) for excvt
    ff.o(.text) refers to ff.o(.data) for FatFs
    spi_msd0_driver.o(.text) refers to stm32f4xx_spi.o(.text) for SPI_I2S_GetFlagStatus
    spi_msd0_driver.o(.text) refers to stm32f4xx_rcc.o(.text) for RCC_AHB1PeriphClockCmd
    spi_msd0_driver.o(.text) refers to stm32f4xx_dma.o(.text) for DMA_DeInit
    spi_msd0_driver.o(.text) refers to stm32f4xx_gpio.o(.text) for GPIO_PinAFConfig
    spi_msd0_driver.o(.text) refers to spi_msd0_driver.o(.bss) for SD0_CardInfo
    spi_msd0_driver.o(.text) refers to led_cube.o(.text) for ShowOneTotem
    spi_msd0_driver.o(.text) refers to spi_msd0_driver.o(.data) for Dummy_Send
    entry.o(.ARM.Collect$$$$00000000) refers (Special) to entry10a.o(.ARM.Collect$$$$0000000D) for __rt_final_cpp
    entry.o(.ARM.Collect$$$$00000000) refers (Special) to entry11a.o(.ARM.Collect$$$$0000000F) for __rt_final_exit
    entry.o(.ARM.Collect$$$$00000000) refers (Special) to entry7b.o(.ARM.Collect$$$$00000008) for _main_clock
    entry.o(.ARM.Collect$$$$00000000) refers (Special) to entry8b.o(.ARM.Collect$$$$0000000A) for _main_cpp_init
    entry.o(.ARM.Collect$$$$00000000) refers (Special) to entry9a.o(.ARM.Collect$$$$0000000B) for _main_init
    entry.o(.ARM.Collect$$$$00000000) refers (Special) to entry5.o(.ARM.Collect$$$$00000004) for _main_scatterload
    entry.o(.ARM.Collect$$$$00000000) refers (Special) to entry2.o(.ARM.Collect$$$$00000001) for _main_stk
    entry2.o(.ARM.Collect$$$$00000001) refers to entry2.o(.ARM.Collect$$$$00002712) for __lit__00000000
    entry2.o(.ARM.Collect$$$$00002712) refers to startup_stm32f40_41xxx.o(STACK) for __initial_sp
    entry2.o(__vectab_stack_and_reset_area) refers to startup_stm32f40_41xxx.o(STACK) for __initial_sp
    entry2.o(__vectab_stack_and_reset_area) refers to entry.o(.ARM.Collect$$$$00000000) for __main
    entry5.o(.ARM.Collect$$$$00000004) refers to init.o(.text) for __scatterload
    entry9a.o(.ARM.Collect$$$$0000000B) refers to main.o(.text) for main
    entry9b.o(.ARM.Collect$$$$0000000C) refers to main.o(.text) for main
    init.o(.text) refers to entry5.o(.ARM.Collect$$$$00000004) for __main_after_scatterload


==============================================================================

Removing Unused input sections from the image.

    Removing main.o(.rev16_text), (4 bytes).
    Removing main.o(.revsh_text), (4 bytes).
    Removing stm32f4xx_it.o(.rev16_text), (4 bytes).
    Removing stm32f4xx_it.o(.revsh_text), (4 bytes).
    Removing system_stm32f4xx.o(.rev16_text), (4 bytes).
    Removing system_stm32f4xx.o(.revsh_text), (4 bytes).
    Removing startup_stm32f40_41xxx.o(HEAP), (512 bytes).
    Removing misc.o(.rev16_text), (4 bytes).
    Removing misc.o(.revsh_text), (4 bytes).
    Removing stm32f4xx_adc.o(.rev16_text), (4 bytes).
    Removing stm32f4xx_adc.o(.revsh_text), (4 bytes).
    Removing stm32f4xx_adc.o(.text), (1124 bytes).
    Removing stm32f4xx_dac.o(.rev16_text), (4 bytes).
    Removing stm32f4xx_dac.o(.revsh_text), (4 bytes).
    Removing stm32f4xx_dac.o(.text), (528 bytes).
    Removing stm32f4xx_dma.o(.rev16_text), (4 bytes).
    Removing stm32f4xx_dma.o(.revsh_text), (4 bytes).
    Removing stm32f4xx_flash.o(.rev16_text), (4 bytes).
    Removing stm32f4xx_flash.o(.revsh_text), (4 bytes).
    Removing stm32f4xx_flash.o(.text), (1684 bytes).
    Removing stm32f4xx_gpio.o(.rev16_text), (4 bytes).
    Removing stm32f4xx_gpio.o(.revsh_text), (4 bytes).
    Removing stm32f4xx_i2c.o(.rev16_text), (4 bytes).
    Removing stm32f4xx_i2c.o(.revsh_text), (4 bytes).
    Removing stm32f4xx_i2c.o(.text), (1110 bytes).
    Removing stm32f4xx_spi.o(.rev16_text), (4 bytes).
    Removing stm32f4xx_spi.o(.revsh_text), (4 bytes).
    Removing stm32f4xx_usart.o(.rev16_text), (4 bytes).
    Removing stm32f4xx_usart.o(.revsh_text), (4 bytes).
    Removing stm32f4xx_rcc.o(.rev16_text), (4 bytes).
    Removing stm32f4xx_rcc.o(.revsh_text), (4 bytes).
    Removing stm32f4xx_tim.o(.rev16_text), (4 bytes).
    Removing stm32f4xx_tim.o(.revsh_text), (4 bytes).
    Removing delay.o(.rev16_text), (4 bytes).
    Removing delay.o(.revsh_text), (4 bytes).
    Removing sys.o(.rev16_text), (4 bytes).
    Removing sys.o(.revsh_text), (4 bytes).
    Removing sys.o(.emb_text), (16 bytes).
    Removing usart.o(.rev16_text), (4 bytes).
    Removing usart.o(.revsh_text), (4 bytes).
    Removing usart.o(.bss), (400 bytes).
    Removing tim.o(.rev16_text), (4 bytes).
    Removing tim.o(.revsh_text), (4 bytes).
    Removing sm12126.o(.rev16_text), (4 bytes).
    Removing sm12126.o(.revsh_text), (4 bytes).
    Removing tfcard.o(.rev16_text), (4 bytes).
    Removing tfcard.o(.revsh_text), (4 bytes).
    Removing led_cube.o(.rev16_text), (4 bytes).
    Removing led_cube.o(.revsh_text), (4 bytes).
    Removing diskio.o(.rev16_text), (4 bytes).
    Removing diskio.o(.revsh_text), (4 bytes).
    Removing ff.o(.rev16_text), (4 bytes).
    Removing ff.o(.revsh_text), (4 bytes).
    Removing spi_msd0_driver.o(.rev16_text), (4 bytes).
    Removing spi_msd0_driver.o(.revsh_text), (4 bytes).

55 unused section(s) (total 5566 bytes) removed from the image.

==============================================================================

Image Symbol Table

    Local Symbols

    Symbol Name                              Value     Ov Type        Size  Object(Section)

    ../clib/../cmprslib/zerorunl2.c          0x00000000   Number         0  __dczerorl2.o ABSOLUTE
    ../clib/microlib/init/entry.s            0x00000000   Number         0  entry7a.o ABSOLUTE
    ../clib/microlib/init/entry.s            0x00000000   Number         0  entry5.o ABSOLUTE
    ../clib/microlib/init/entry.s            0x00000000   Number         0  entry2.o ABSOLUTE
    ../clib/microlib/init/entry.s            0x00000000   Number         0  entry10b.o ABSOLUTE
    ../clib/microlib/init/entry.s            0x00000000   Number         0  entry8a.o ABSOLUTE
    ../clib/microlib/init/entry.s            0x00000000   Number         0  entry11a.o ABSOLUTE
    ../clib/microlib/init/entry.s            0x00000000   Number         0  entry.o ABSOLUTE
    ../clib/microlib/init/entry.s            0x00000000   Number         0  entry11b.o ABSOLUTE
    ../clib/microlib/init/entry.s            0x00000000   Number         0  entry10a.o ABSOLUTE
    ../clib/microlib/init/entry.s            0x00000000   Number         0  entry9b.o ABSOLUTE
    ../clib/microlib/init/entry.s            0x00000000   Number         0  entry9a.o ABSOLUTE
    ../clib/microlib/init/entry.s            0x00000000   Number         0  entry8b.o ABSOLUTE
    ../clib/microlib/init/entry.s            0x00000000   Number         0  entry7b.o ABSOLUTE
    ../clib/microlib/string/memcpy.c         0x00000000   Number         0  memcpyb.o ABSOLUTE
    ../clib/microlib/string/memcpy.c         0x00000000   Number         0  memcpya.o ABSOLUTE
    ../clib/microlib/stubs.s                 0x00000000   Number         0  useno.o ABSOLUTE
    ..\CORE\startup_stm32f40_41xxx.s         0x00000000   Number         0  startup_stm32f40_41xxx.o ABSOLUTE
    ..\FWLIB\src\misc.c                      0x00000000   Number         0  misc.o ABSOLUTE
    ..\FWLIB\src\stm32f4xx_adc.c             0x00000000   Number         0  stm32f4xx_adc.o ABSOLUTE
    ..\FWLIB\src\stm32f4xx_dac.c             0x00000000   Number         0  stm32f4xx_dac.o ABSOLUTE
    ..\FWLIB\src\stm32f4xx_dma.c             0x00000000   Number         0  stm32f4xx_dma.o ABSOLUTE
    ..\FWLIB\src\stm32f4xx_flash.c           0x00000000   Number         0  stm32f4xx_flash.o ABSOLUTE
    ..\FWLIB\src\stm32f4xx_gpio.c            0x00000000   Number         0  stm32f4xx_gpio.o ABSOLUTE
    ..\FWLIB\src\stm32f4xx_i2c.c             0x00000000   Number         0  stm32f4xx_i2c.o ABSOLUTE
    ..\FWLIB\src\stm32f4xx_rcc.c             0x00000000   Number         0  stm32f4xx_rcc.o ABSOLUTE
    ..\FWLIB\src\stm32f4xx_spi.c             0x00000000   Number         0  stm32f4xx_spi.o ABSOLUTE
    ..\FWLIB\src\stm32f4xx_tim.c             0x00000000   Number         0  stm32f4xx_tim.o ABSOLUTE
    ..\FWLIB\src\stm32f4xx_usart.c           0x00000000   Number         0  stm32f4xx_usart.o ABSOLUTE
    ..\HARDWARE\LED_CUBE\LED_CUBE.c          0x00000000   Number         0  led_cube.o ABSOLUTE
    ..\HARDWARE\SM12126\SM12126.c            0x00000000   Number         0  sm12126.o ABSOLUTE
    ..\HARDWARE\TFCard\TFCard.c              0x00000000   Number         0  tfcard.o ABSOLUTE
    ..\SYSTEM\TIM\TIM.C                      0x00000000   Number         0  tim.o ABSOLUTE
    ..\SYSTEM\delay\delay.c                  0x00000000   Number         0  delay.o ABSOLUTE
    ..\SYSTEM\sys\sys.c                      0x00000000   Number         0  sys.o ABSOLUTE
    ..\SYSTEM\usart\usart.c                  0x00000000   Number         0  usart.o ABSOLUTE
    ..\\FWLIB\\src\\misc.c                   0x00000000   Number         0  misc.o ABSOLUTE
    ..\\FWLIB\\src\\stm32f4xx_adc.c          0x00000000   Number         0  stm32f4xx_adc.o ABSOLUTE
    ..\\FWLIB\\src\\stm32f4xx_dac.c          0x00000000   Number         0  stm32f4xx_dac.o ABSOLUTE
    ..\\FWLIB\\src\\stm32f4xx_dma.c          0x00000000   Number         0  stm32f4xx_dma.o ABSOLUTE
    ..\\FWLIB\\src\\stm32f4xx_flash.c        0x00000000   Number         0  stm32f4xx_flash.o ABSOLUTE
    ..\\FWLIB\\src\\stm32f4xx_gpio.c         0x00000000   Number         0  stm32f4xx_gpio.o ABSOLUTE
    ..\\FWLIB\\src\\stm32f4xx_i2c.c          0x00000000   Number         0  stm32f4xx_i2c.o ABSOLUTE
    ..\\FWLIB\\src\\stm32f4xx_rcc.c          0x00000000   Number         0  stm32f4xx_rcc.o ABSOLUTE
    ..\\FWLIB\\src\\stm32f4xx_spi.c          0x00000000   Number         0  stm32f4xx_spi.o ABSOLUTE
    ..\\FWLIB\\src\\stm32f4xx_tim.c          0x00000000   Number         0  stm32f4xx_tim.o ABSOLUTE
    ..\\FWLIB\\src\\stm32f4xx_usart.c        0x00000000   Number         0  stm32f4xx_usart.o ABSOLUTE
    ..\\HARDWARE\\LED_CUBE\\LED_CUBE.c       0x00000000   Number         0  led_cube.o ABSOLUTE
    ..\\HARDWARE\\SM12126\\SM12126.c         0x00000000   Number         0  sm12126.o ABSOLUTE
    ..\\HARDWARE\\TFCard\\TFCard.c           0x00000000   Number         0  tfcard.o ABSOLUTE
    ..\\SYSTEM\\TIM\\TIM.C                   0x00000000   Number         0  tim.o ABSOLUTE
    ..\\SYSTEM\\delay\\delay.c               0x00000000   Number         0  delay.o ABSOLUTE
    ..\\SYSTEM\\sys\\sys.c                   0x00000000   Number         0  sys.o ABSOLUTE
    ..\\SYSTEM\\usart\\usart.c               0x00000000   Number         0  usart.o ABSOLUTE
    ..\\fatfs\\SPI_MSD0_Driver.c             0x00000000   Number         0  spi_msd0_driver.o ABSOLUTE
    ..\\fatfs\\diskio.c                      0x00000000   Number         0  diskio.o ABSOLUTE
    ..\\fatfs\\ff.c                          0x00000000   Number         0  ff.o ABSOLUTE
    ..\fatfs\SPI_MSD0_Driver.c               0x00000000   Number         0  spi_msd0_driver.o ABSOLUTE
    ..\fatfs\diskio.c                        0x00000000   Number         0  diskio.o ABSOLUTE
    ..\fatfs\ff.c                            0x00000000   Number         0  ff.o ABSOLUTE
    dc.s                                     0x00000000   Number         0  dc.o ABSOLUTE
    handlers.s                               0x00000000   Number         0  handlers.o ABSOLUTE
    init.s                                   0x00000000   Number         0  init.o ABSOLUTE
    main.c                                   0x00000000   Number         0  main.o ABSOLUTE
    main.c                                   0x00000000   Number         0  main.o ABSOLUTE
    stm32f4xx_it.c                           0x00000000   Number         0  stm32f4xx_it.o ABSOLUTE
    stm32f4xx_it.c                           0x00000000   Number         0  stm32f4xx_it.o ABSOLUTE
    system_stm32f4xx.c                       0x00000000   Number         0  system_stm32f4xx.o ABSOLUTE
    system_stm32f4xx.c                       0x00000000   Number         0  system_stm32f4xx.o ABSOLUTE
    RESET                                    0x08000000   Section      392  startup_stm32f40_41xxx.o(RESET)
    .ARM.Collect$$$$00000000                 0x08000188   Section        0  entry.o(.ARM.Collect$$$$00000000)
    .ARM.Collect$$$$00000001                 0x08000188   Section        4  entry2.o(.ARM.Collect$$$$00000001)
    .ARM.Collect$$$$00000004                 0x0800018c   Section        4  entry5.o(.ARM.Collect$$$$00000004)
    .ARM.Collect$$$$00000008                 0x08000190   Section        0  entry7b.o(.ARM.Collect$$$$00000008)
    .ARM.Collect$$$$0000000A                 0x08000190   Section        0  entry8b.o(.ARM.Collect$$$$0000000A)
    .ARM.Collect$$$$0000000B                 0x08000190   Section        8  entry9a.o(.ARM.Collect$$$$0000000B)
    .ARM.Collect$$$$0000000D                 0x08000198   Section        0  entry10a.o(.ARM.Collect$$$$0000000D)
    .ARM.Collect$$$$0000000F                 0x08000198   Section        0  entry11a.o(.ARM.Collect$$$$0000000F)
    .ARM.Collect$$$$00002712                 0x08000198   Section        4  entry2.o(.ARM.Collect$$$$00002712)
    __lit__00000000                          0x08000198   Data           4  entry2.o(.ARM.Collect$$$$00002712)
    .text                                    0x0800019c   Section        0  main.o(.text)
    .text                                    0x0800031c   Section        0  stm32f4xx_it.o(.text)
    .text                                    0x08000338   Section        0  system_stm32f4xx.o(.text)
    SetSysClock                              0x08000339   Thumb Code   220  system_stm32f4xx.o(.text)
    .text                                    0x08000548   Section       36  startup_stm32f40_41xxx.o(.text)
    $v0                                      0x08000548   Number         0  startup_stm32f40_41xxx.o(.text)
    .text                                    0x0800056c   Section        0  misc.o(.text)
    .text                                    0x0800064c   Section        0  stm32f4xx_dma.o(.text)
    .text                                    0x080009f4   Section        0  stm32f4xx_gpio.o(.text)
    .text                                    0x08000c88   Section        0  stm32f4xx_spi.o(.text)
    .text                                    0x08001108   Section        0  stm32f4xx_usart.o(.text)
    .text                                    0x0800155c   Section        0  stm32f4xx_rcc.o(.text)
    .text                                    0x08001bb8   Section        0  stm32f4xx_tim.o(.text)
    TI4_Config                               0x08002357   Thumb Code    80  stm32f4xx_tim.o(.text)
    TI3_Config                               0x080023b9   Thumb Code    72  stm32f4xx_tim.o(.text)
    TI2_Config                               0x0800241b   Thumb Code    90  stm32f4xx_tim.o(.text)
    TI1_Config                               0x08002487   Thumb Code    58  stm32f4xx_tim.o(.text)
    .text                                    0x0800285c   Section        0  delay.o(.text)
    .text                                    0x08002960   Section        0  usart.o(.text)
    .text                                    0x08002bd4   Section        0  tim.o(.text)
    .text                                    0x08002c5c   Section        0  sm12126.o(.text)
    .text                                    0x08002d50   Section        0  tfcard.o(.text)
    .text                                    0x08003024   Section        0  led_cube.o(.text)
    .text                                    0x08003c98   Section        0  diskio.o(.text)
    .text                                    0x08003e48   Section        0  ff.o(.text)
    mem_cpy                                  0x08003e49   Thumb Code    26  ff.o(.text)
    mem_set                                  0x08003e63   Thumb Code    20  ff.o(.text)
    mem_cmp                                  0x08003e77   Thumb Code    38  ff.o(.text)
    chk_chr                                  0x08003e9d   Thumb Code    20  ff.o(.text)
    move_window                              0x08003eb1   Thumb Code   114  ff.o(.text)
    sync                                     0x08003f23   Thumb Code   202  ff.o(.text)
    remove_chain                             0x08004221   Thumb Code   104  ff.o(.text)
    create_chain                             0x08004289   Thumb Code   202  ff.o(.text)
    clmt_clust                               0x08004353   Thumb Code    50  ff.o(.text)
    dir_sdi                                  0x08004385   Thumb Code   156  ff.o(.text)
    dir_next                                 0x08004421   Thumb Code   280  ff.o(.text)
    dir_find                                 0x08004539   Thumb Code    92  ff.o(.text)
    dir_read                                 0x08004595   Thumb Code    86  ff.o(.text)
    dir_register                             0x080045eb   Thumb Code   110  ff.o(.text)
    dir_remove                               0x08004659   Thumb Code    44  ff.o(.text)
    create_name                              0x08004685   Thumb Code   266  ff.o(.text)
    get_fileinfo                             0x0800478f   Thumb Code   152  ff.o(.text)
    follow_path                              0x08004827   Thumb Code   158  ff.o(.text)
    check_fs                                 0x080048c5   Thumb Code   138  ff.o(.text)
    chk_mounted                              0x0800494f   Thumb Code   926  ff.o(.text)
    validate                                 0x08004ced   Thumb Code    42  ff.o(.text)
    .text                                    0x0800606c   Section        0  spi_msd0_driver.o(.text)
    .text                                    0x08006c54   Section        0  memcpya.o(.text)
    .text                                    0x08006c78   Section       36  init.o(.text)
    .text                                    0x08006c9c   Section        0  __dczerorl2.o(.text)
    i.__scatterload_copy                     0x08006cf2   Section       14  handlers.o(i.__scatterload_copy)
    i.__scatterload_null                     0x08006d00   Section        2  handlers.o(i.__scatterload_null)
    i.__scatterload_zeroinit                 0x08006d02   Section       14  handlers.o(i.__scatterload_zeroinit)
    .constdata                               0x08006d10   Section       80  led_cube.o(.constdata)
    .constdata                               0x08006d60   Section      128  ff.o(.constdata)
    excvt                                    0x08006d60   Data         128  ff.o(.constdata)
    .conststring                             0x08006de0   Section    14919  led_cube.o(.conststring)
    .data                                    0x20000000   Section       20  system_stm32f4xx.o(.data)
    .data                                    0x20000014   Section       16  stm32f4xx_rcc.o(.data)
    APBAHBPrescTable                         0x20000014   Data          16  stm32f4xx_rcc.o(.data)
    .data                                    0x20000024   Section        4  delay.o(.data)
    fac_us                                   0x20000024   Data           1  delay.o(.data)
    fac_ms                                   0x20000026   Data           2  delay.o(.data)
    .data                                    0x20000028   Section       16  usart.o(.data)
    .data                                    0x20000038   Section        4  tim.o(.data)
    .data                                    0x2000003c   Section       12  tfcard.o(.data)
    t                                        0x20000044   Data           4  tfcard.o(.data)
    .data                                    0x20000048   Section     4272  led_cube.o(.data)
    index_level                              0x20000048   Data           1  led_cube.o(.data)
    .data                                    0x200010f8   Section        6  ff.o(.data)
    FatFs                                    0x200010f8   Data           4  ff.o(.data)
    Fsid                                     0x200010fc   Data           2  ff.o(.data)
    .data                                    0x20001100   Section       12  spi_msd0_driver.o(.data)
    Dummy_Send                               0x20001100   Data           1  spi_msd0_driver.o(.data)
    i                                        0x20001108   Data           4  spi_msd0_driver.o(.data)
    .bss                                     0x2000110c   Section    39128  tfcard.o(.bss)
    .bss                                     0x2000a9e4   Section       88  spi_msd0_driver.o(.bss)
    STACK                                    0x2000aa40   Section     1024  startup_stm32f40_41xxx.o(STACK)

    Global Symbols

    Symbol Name                              Value     Ov Type        Size  Object(Section)

    BuildAttributes$$THM_ISAv4$E$P$D$K$B$S$7EM$VFPi3$EXTD16$VFPS$VFMA$PE$A:L22UL41UL21$X:L11$S22US41US21$IEEE1$IW$USESV6$~STKCKD$USESV7$~SHL$OSPACE$EBA8$MICROLIB$REQ8$PRES8$EABIv2 0x00000000   Number         0  anon$$obj.o ABSOLUTE
    __ARM_use_no_argv                        0x00000000   Number         0  main.o ABSOLUTE
    __use_no_errno                           0x00000000   Number         0  useno.o ABSOLUTE
    __use_no_exception_handling              0x00000000   Number         0  useno.o ABSOLUTE
    __use_no_fp                              0x00000000   Number         0  useno.o ABSOLUTE
    __use_no_heap                            0x00000000   Number         0  useno.o ABSOLUTE
    __use_no_heap_region                     0x00000000   Number         0  useno.o ABSOLUTE
    __use_no_semihosting                     0x00000000   Number         0  useno.o ABSOLUTE
    __use_no_semihosting_swi                 0x00000000   Number         0  useno.o ABSOLUTE
    __use_no_signal_handling                 0x00000000   Number         0  useno.o ABSOLUTE
    __cpp_initialize__aeabi_                  - Undefined Weak Reference
    __cxa_finalize                            - Undefined Weak Reference
    _clock_init                               - Undefined Weak Reference
    _microlib_exit                            - Undefined Weak Reference
    __Vectors_Size                           0x00000188   Number         0  startup_stm32f40_41xxx.o ABSOLUTE
    __Vectors                                0x08000000   Data           4  startup_stm32f40_41xxx.o(RESET)
    __Vectors_End                            0x08000188   Data           0  startup_stm32f40_41xxx.o(RESET)
    __main                                   0x08000189   Thumb Code     0  entry.o(.ARM.Collect$$$$00000000)
    _main_stk                                0x08000189   Thumb Code     0  entry2.o(.ARM.Collect$$$$00000001)
    _main_scatterload                        0x0800018d   Thumb Code     0  entry5.o(.ARM.Collect$$$$00000004)
    __main_after_scatterload                 0x08000191   Thumb Code     0  entry5.o(.ARM.Collect$$$$00000004)
    _main_clock                              0x08000191   Thumb Code     0  entry7b.o(.ARM.Collect$$$$00000008)
    _main_cpp_init                           0x08000191   Thumb Code     0  entry8b.o(.ARM.Collect$$$$0000000A)
    _main_init                               0x08000191   Thumb Code     0  entry9a.o(.ARM.Collect$$$$0000000B)
    __rt_final_cpp                           0x08000199   Thumb Code     0  entry10a.o(.ARM.Collect$$$$0000000D)
    __rt_final_exit                          0x08000199   Thumb Code     0  entry11a.o(.ARM.Collect$$$$0000000F)
    main                                     0x0800019d   Thumb Code   364  main.o(.text)
    NMI_Handler                              0x0800031d   Thumb Code     2  stm32f4xx_it.o(.text)
    HardFault_Handler                        0x0800031f   Thumb Code     4  stm32f4xx_it.o(.text)
    MemManage_Handler                        0x08000323   Thumb Code     4  stm32f4xx_it.o(.text)
    BusFault_Handler                         0x08000327   Thumb Code     4  stm32f4xx_it.o(.text)
    UsageFault_Handler                       0x0800032b   Thumb Code     4  stm32f4xx_it.o(.text)
    SVC_Handler                              0x0800032f   Thumb Code     2  stm32f4xx_it.o(.text)
    DebugMon_Handler                         0x08000331   Thumb Code     2  stm32f4xx_it.o(.text)
    PendSV_Handler                           0x08000333   Thumb Code     2  stm32f4xx_it.o(.text)
    SysTick_Handler                          0x08000335   Thumb Code     2  stm32f4xx_it.o(.text)
    SystemInit                               0x08000415   Thumb Code    88  system_stm32f4xx.o(.text)
    SystemCoreClockUpdate                    0x0800046d   Thumb Code   174  system_stm32f4xx.o(.text)
    Reset_Handler                            0x08000549   Thumb Code     8  startup_stm32f40_41xxx.o(.text)
    ADC_IRQHandler                           0x08000563   Thumb Code     0  startup_stm32f40_41xxx.o(.text)
    CAN1_RX0_IRQHandler                      0x08000563   Thumb Code     0  startup_stm32f40_41xxx.o(.text)
    CAN1_RX1_IRQHandler                      0x08000563   Thumb Code     0  startup_stm32f40_41xxx.o(.text)
    CAN1_SCE_IRQHandler                      0x08000563   Thumb Code     0  startup_stm32f40_41xxx.o(.text)
    CAN1_TX_IRQHandler                       0x08000563   Thumb Code     0  startup_stm32f40_41xxx.o(.text)
    CAN2_RX0_IRQHandler                      0x08000563   Thumb Code     0  startup_stm32f40_41xxx.o(.text)
    CAN2_RX1_IRQHandler                      0x08000563   Thumb Code     0  startup_stm32f40_41xxx.o(.text)
    CAN2_SCE_IRQHandler                      0x08000563   Thumb Code     0  startup_stm32f40_41xxx.o(.text)
    CAN2_TX_IRQHandler                       0x08000563   Thumb Code     0  startup_stm32f40_41xxx.o(.text)
    CRYP_IRQHandler                          0x08000563   Thumb Code     0  startup_stm32f40_41xxx.o(.text)
    DCMI_IRQHandler                          0x08000563   Thumb Code     0  startup_stm32f40_41xxx.o(.text)
    DMA1_Stream0_IRQHandler                  0x08000563   Thumb Code     0  startup_stm32f40_41xxx.o(.text)
    DMA1_Stream1_IRQHandler                  0x08000563   Thumb Code     0  startup_stm32f40_41xxx.o(.text)
    DMA1_Stream2_IRQHandler                  0x08000563   Thumb Code     0  startup_stm32f40_41xxx.o(.text)
    DMA1_Stream3_IRQHandler                  0x08000563   Thumb Code     0  startup_stm32f40_41xxx.o(.text)
    DMA1_Stream4_IRQHandler                  0x08000563   Thumb Code     0  startup_stm32f40_41xxx.o(.text)
    DMA1_Stream5_IRQHandler                  0x08000563   Thumb Code     0  startup_stm32f40_41xxx.o(.text)
    DMA1_Stream6_IRQHandler                  0x08000563   Thumb Code     0  startup_stm32f40_41xxx.o(.text)
    DMA1_Stream7_IRQHandler                  0x08000563   Thumb Code     0  startup_stm32f40_41xxx.o(.text)
    DMA2_Stream0_IRQHandler                  0x08000563   Thumb Code     0  startup_stm32f40_41xxx.o(.text)
    DMA2_Stream1_IRQHandler                  0x08000563   Thumb Code     0  startup_stm32f40_41xxx.o(.text)
    DMA2_Stream2_IRQHandler                  0x08000563   Thumb Code     0  startup_stm32f40_41xxx.o(.text)
    DMA2_Stream3_IRQHandler                  0x08000563   Thumb Code     0  startup_stm32f40_41xxx.o(.text)
    DMA2_Stream4_IRQHandler                  0x08000563   Thumb Code     0  startup_stm32f40_41xxx.o(.text)
    DMA2_Stream5_IRQHandler                  0x08000563   Thumb Code     0  startup_stm32f40_41xxx.o(.text)
    DMA2_Stream6_IRQHandler                  0x08000563   Thumb Code     0  startup_stm32f40_41xxx.o(.text)
    DMA2_Stream7_IRQHandler                  0x08000563   Thumb Code     0  startup_stm32f40_41xxx.o(.text)
    ETH_IRQHandler                           0x08000563   Thumb Code     0  startup_stm32f40_41xxx.o(.text)
    ETH_WKUP_IRQHandler                      0x08000563   Thumb Code     0  startup_stm32f40_41xxx.o(.text)
    EXTI0_IRQHandler                         0x08000563   Thumb Code     0  startup_stm32f40_41xxx.o(.text)
    EXTI15_10_IRQHandler                     0x08000563   Thumb Code     0  startup_stm32f40_41xxx.o(.text)
    EXTI1_IRQHandler                         0x08000563   Thumb Code     0  startup_stm32f40_41xxx.o(.text)
    EXTI2_IRQHandler                         0x08000563   Thumb Code     0  startup_stm32f40_41xxx.o(.text)
    EXTI3_IRQHandler                         0x08000563   Thumb Code     0  startup_stm32f40_41xxx.o(.text)
    EXTI4_IRQHandler                         0x08000563   Thumb Code     0  startup_stm32f40_41xxx.o(.text)
    EXTI9_5_IRQHandler                       0x08000563   Thumb Code     0  startup_stm32f40_41xxx.o(.text)
    FLASH_IRQHandler                         0x08000563   Thumb Code     0  startup_stm32f40_41xxx.o(.text)
    FPU_IRQHandler                           0x08000563   Thumb Code     0  startup_stm32f40_41xxx.o(.text)
    FSMC_IRQHandler                          0x08000563   Thumb Code     0  startup_stm32f40_41xxx.o(.text)
    HASH_RNG_IRQHandler                      0x08000563   Thumb Code     0  startup_stm32f40_41xxx.o(.text)
    I2C1_ER_IRQHandler                       0x08000563   Thumb Code     0  startup_stm32f40_41xxx.o(.text)
    I2C1_EV_IRQHandler                       0x08000563   Thumb Code     0  startup_stm32f40_41xxx.o(.text)
    I2C2_ER_IRQHandler                       0x08000563   Thumb Code     0  startup_stm32f40_41xxx.o(.text)
    I2C2_EV_IRQHandler                       0x08000563   Thumb Code     0  startup_stm32f40_41xxx.o(.text)
    I2C3_ER_IRQHandler                       0x08000563   Thumb Code     0  startup_stm32f40_41xxx.o(.text)
    I2C3_EV_IRQHandler                       0x08000563   Thumb Code     0  startup_stm32f40_41xxx.o(.text)
    OTG_FS_IRQHandler                        0x08000563   Thumb Code     0  startup_stm32f40_41xxx.o(.text)
    OTG_FS_WKUP_IRQHandler                   0x08000563   Thumb Code     0  startup_stm32f40_41xxx.o(.text)
    OTG_HS_EP1_IN_IRQHandler                 0x08000563   Thumb Code     0  startup_stm32f40_41xxx.o(.text)
    OTG_HS_EP1_OUT_IRQHandler                0x08000563   Thumb Code     0  startup_stm32f40_41xxx.o(.text)
    OTG_HS_IRQHandler                        0x08000563   Thumb Code     0  startup_stm32f40_41xxx.o(.text)
    OTG_HS_WKUP_IRQHandler                   0x08000563   Thumb Code     0  startup_stm32f40_41xxx.o(.text)
    PVD_IRQHandler                           0x08000563   Thumb Code     0  startup_stm32f40_41xxx.o(.text)
    RCC_IRQHandler                           0x08000563   Thumb Code     0  startup_stm32f40_41xxx.o(.text)
    RTC_Alarm_IRQHandler                     0x08000563   Thumb Code     0  startup_stm32f40_41xxx.o(.text)
    RTC_WKUP_IRQHandler                      0x08000563   Thumb Code     0  startup_stm32f40_41xxx.o(.text)
    SDIO_IRQHandler                          0x08000563   Thumb Code     0  startup_stm32f40_41xxx.o(.text)
    SPI1_IRQHandler                          0x08000563   Thumb Code     0  startup_stm32f40_41xxx.o(.text)
    SPI2_IRQHandler                          0x08000563   Thumb Code     0  startup_stm32f40_41xxx.o(.text)
    SPI3_IRQHandler                          0x08000563   Thumb Code     0  startup_stm32f40_41xxx.o(.text)
    TAMP_STAMP_IRQHandler                    0x08000563   Thumb Code     0  startup_stm32f40_41xxx.o(.text)
    TIM1_BRK_TIM9_IRQHandler                 0x08000563   Thumb Code     0  startup_stm32f40_41xxx.o(.text)
    TIM1_CC_IRQHandler                       0x08000563   Thumb Code     0  startup_stm32f40_41xxx.o(.text)
    TIM1_TRG_COM_TIM11_IRQHandler            0x08000563   Thumb Code     0  startup_stm32f40_41xxx.o(.text)
    TIM1_UP_TIM10_IRQHandler                 0x08000563   Thumb Code     0  startup_stm32f40_41xxx.o(.text)
    TIM2_IRQHandler                          0x08000563   Thumb Code     0  startup_stm32f40_41xxx.o(.text)
    TIM3_IRQHandler                          0x08000563   Thumb Code     0  startup_stm32f40_41xxx.o(.text)
    TIM4_IRQHandler                          0x08000563   Thumb Code     0  startup_stm32f40_41xxx.o(.text)
    TIM5_IRQHandler                          0x08000563   Thumb Code     0  startup_stm32f40_41xxx.o(.text)
    TIM7_IRQHandler                          0x08000563   Thumb Code     0  startup_stm32f40_41xxx.o(.text)
    TIM8_BRK_TIM12_IRQHandler                0x08000563   Thumb Code     0  startup_stm32f40_41xxx.o(.text)
    TIM8_CC_IRQHandler                       0x08000563   Thumb Code     0  startup_stm32f40_41xxx.o(.text)
    TIM8_TRG_COM_TIM14_IRQHandler            0x08000563   Thumb Code     0  startup_stm32f40_41xxx.o(.text)
    TIM8_UP_TIM13_IRQHandler                 0x08000563   Thumb Code     0  startup_stm32f40_41xxx.o(.text)
    UART4_IRQHandler                         0x08000563   Thumb Code     0  startup_stm32f40_41xxx.o(.text)
    UART5_IRQHandler                         0x08000563   Thumb Code     0  startup_stm32f40_41xxx.o(.text)
    USART2_IRQHandler                        0x08000563   Thumb Code     0  startup_stm32f40_41xxx.o(.text)
    USART6_IRQHandler                        0x08000563   Thumb Code     0  startup_stm32f40_41xxx.o(.text)
    WWDG_IRQHandler                          0x08000563   Thumb Code     0  startup_stm32f40_41xxx.o(.text)
    NVIC_PriorityGroupConfig                 0x0800056d   Thumb Code    10  misc.o(.text)
    NVIC_Init                                0x08000577   Thumb Code   106  misc.o(.text)
    NVIC_SetVectorTable                      0x080005e1   Thumb Code    14  misc.o(.text)
    NVIC_SystemLPConfig                      0x080005ef   Thumb Code    34  misc.o(.text)
    SysTick_CLKSourceConfig                  0x08000611   Thumb Code    40  misc.o(.text)
    DMA_DeInit                               0x0800064d   Thumb Code   324  stm32f4xx_dma.o(.text)
    DMA_Init                                 0x08000791   Thumb Code    82  stm32f4xx_dma.o(.text)
    DMA_StructInit                           0x080007e3   Thumb Code    34  stm32f4xx_dma.o(.text)
    DMA_Cmd                                  0x08000805   Thumb Code    22  stm32f4xx_dma.o(.text)
    DMA_PeriphIncOffsetSizeConfig            0x0800081b   Thumb Code    22  stm32f4xx_dma.o(.text)
    DMA_FlowControllerConfig                 0x08000831   Thumb Code    22  stm32f4xx_dma.o(.text)
    DMA_SetCurrDataCounter                   0x08000847   Thumb Code     4  stm32f4xx_dma.o(.text)
    DMA_GetCurrDataCounter                   0x0800084b   Thumb Code     8  stm32f4xx_dma.o(.text)
    DMA_DoubleBufferModeConfig               0x08000853   Thumb Code    24  stm32f4xx_dma.o(.text)
    DMA_DoubleBufferModeCmd                  0x0800086b   Thumb Code    22  stm32f4xx_dma.o(.text)
    DMA_MemoryTargetConfig                   0x08000881   Thumb Code    10  stm32f4xx_dma.o(.text)
    DMA_GetCurrentMemoryTarget               0x0800088b   Thumb Code    20  stm32f4xx_dma.o(.text)
    DMA_GetCmdStatus                         0x0800089f   Thumb Code    20  stm32f4xx_dma.o(.text)
    DMA_GetFIFOStatus                        0x080008b3   Thumb Code    12  stm32f4xx_dma.o(.text)
    DMA_GetFlagStatus                        0x080008bf   Thumb Code    56  stm32f4xx_dma.o(.text)
    DMA_ClearFlag                            0x080008f7   Thumb Code    40  stm32f4xx_dma.o(.text)
    DMA_ITConfig                             0x0800091f   Thumb Code    58  stm32f4xx_dma.o(.text)
    DMA_GetITStatus                          0x08000959   Thumb Code    84  stm32f4xx_dma.o(.text)
    DMA_ClearITPendingBit                    0x080009ad   Thumb Code    40  stm32f4xx_dma.o(.text)
    GPIO_DeInit                              0x080009f5   Thumb Code   268  stm32f4xx_gpio.o(.text)
    GPIO_Init                                0x08000b01   Thumb Code   144  stm32f4xx_gpio.o(.text)
    GPIO_StructInit                          0x08000b91   Thumb Code    18  stm32f4xx_gpio.o(.text)
    GPIO_PinLockConfig                       0x08000ba3   Thumb Code    34  stm32f4xx_gpio.o(.text)
    GPIO_ReadInputDataBit                    0x08000bc5   Thumb Code    18  stm32f4xx_gpio.o(.text)
    GPIO_ReadInputData                       0x08000bd7   Thumb Code     8  stm32f4xx_gpio.o(.text)
    GPIO_ReadOutputDataBit                   0x08000bdf   Thumb Code    18  stm32f4xx_gpio.o(.text)
    GPIO_ReadOutputData                      0x08000bf1   Thumb Code     8  stm32f4xx_gpio.o(.text)
    GPIO_SetBits                             0x08000bf9   Thumb Code     4  stm32f4xx_gpio.o(.text)
    GPIO_ResetBits                           0x08000bfd   Thumb Code     4  stm32f4xx_gpio.o(.text)
    GPIO_WriteBit                            0x08000c01   Thumb Code    10  stm32f4xx_gpio.o(.text)
    GPIO_Write                               0x08000c0b   Thumb Code     4  stm32f4xx_gpio.o(.text)
    GPIO_ToggleBits                          0x08000c0f   Thumb Code     8  stm32f4xx_gpio.o(.text)
    GPIO_PinAFConfig                         0x08000c17   Thumb Code    70  stm32f4xx_gpio.o(.text)
    SPI_I2S_DeInit                           0x08000c89   Thumb Code   152  stm32f4xx_spi.o(.text)
    SPI_Init                                 0x08000d21   Thumb Code    60  stm32f4xx_spi.o(.text)
    I2S_Init                                 0x08000d5d   Thumb Code   396  stm32f4xx_spi.o(.text)
    SPI_StructInit                           0x08000ee9   Thumb Code    24  stm32f4xx_spi.o(.text)
    I2S_StructInit                           0x08000f01   Thumb Code    20  stm32f4xx_spi.o(.text)
    SPI_Cmd                                  0x08000f15   Thumb Code    24  stm32f4xx_spi.o(.text)
    I2S_Cmd                                  0x08000f2d   Thumb Code    24  stm32f4xx_spi.o(.text)
    SPI_DataSizeConfig                       0x08000f45   Thumb Code    18  stm32f4xx_spi.o(.text)
    SPI_BiDirectionalLineConfig              0x08000f57   Thumb Code    28  stm32f4xx_spi.o(.text)
    SPI_NSSInternalSoftwareConfig            0x08000f73   Thumb Code    30  stm32f4xx_spi.o(.text)
    SPI_SSOutputCmd                          0x08000f91   Thumb Code    24  stm32f4xx_spi.o(.text)
    SPI_TIModeCmd                            0x08000fa9   Thumb Code    24  stm32f4xx_spi.o(.text)
    I2S_FullDuplexConfig                     0x08000fc1   Thumb Code    80  stm32f4xx_spi.o(.text)
    SPI_I2S_ReceiveData                      0x08001011   Thumb Code     6  stm32f4xx_spi.o(.text)
    SPI_I2S_SendData                         0x08001017   Thumb Code     4  stm32f4xx_spi.o(.text)
    SPI_CalculateCRC                         0x0800101b   Thumb Code    24  stm32f4xx_spi.o(.text)
    SPI_TransmitCRC                          0x08001033   Thumb Code    10  stm32f4xx_spi.o(.text)
    SPI_GetCRC                               0x0800103d   Thumb Code    16  stm32f4xx_spi.o(.text)
    SPI_GetCRCPolynomial                     0x0800104d   Thumb Code     6  stm32f4xx_spi.o(.text)
    SPI_I2S_DMACmd                           0x08001053   Thumb Code    18  stm32f4xx_spi.o(.text)
    SPI_I2S_ITConfig                         0x08001065   Thumb Code    68  stm32f4xx_spi.o(.text)
    SPI_I2S_GetFlagStatus                    0x080010a9   Thumb Code    18  stm32f4xx_spi.o(.text)
    SPI_I2S_ClearFlag                        0x080010bb   Thumb Code     6  stm32f4xx_spi.o(.text)
    SPI_I2S_GetITStatus                      0x080010c1   Thumb Code    52  stm32f4xx_spi.o(.text)
    SPI_I2S_ClearITPendingBit                0x080010f5   Thumb Code    20  stm32f4xx_spi.o(.text)
    USART_DeInit                             0x08001109   Thumb Code   206  stm32f4xx_usart.o(.text)
    USART_Init                               0x080011d7   Thumb Code   204  stm32f4xx_usart.o(.text)
    USART_StructInit                         0x080012a3   Thumb Code    24  stm32f4xx_usart.o(.text)
    USART_ClockInit                          0x080012bb   Thumb Code    32  stm32f4xx_usart.o(.text)
    USART_ClockStructInit                    0x080012db   Thumb Code    12  stm32f4xx_usart.o(.text)
    USART_Cmd                                0x080012e7   Thumb Code    24  stm32f4xx_usart.o(.text)
    USART_SetPrescaler                       0x080012ff   Thumb Code    16  stm32f4xx_usart.o(.text)
    USART_OverSampling8Cmd                   0x0800130f   Thumb Code    22  stm32f4xx_usart.o(.text)
    USART_OneBitMethodCmd                    0x08001325   Thumb Code    24  stm32f4xx_usart.o(.text)
    USART_SendData                           0x0800133d   Thumb Code     8  stm32f4xx_usart.o(.text)
    USART_ReceiveData                        0x08001345   Thumb Code    10  stm32f4xx_usart.o(.text)
    USART_SetAddress                         0x0800134f   Thumb Code    18  stm32f4xx_usart.o(.text)
    USART_ReceiverWakeUpCmd                  0x08001361   Thumb Code    24  stm32f4xx_usart.o(.text)
    USART_WakeUpConfig                       0x08001379   Thumb Code    18  stm32f4xx_usart.o(.text)
    USART_LINBreakDetectLengthConfig         0x0800138b   Thumb Code    18  stm32f4xx_usart.o(.text)
    USART_LINCmd                             0x0800139d   Thumb Code    24  stm32f4xx_usart.o(.text)
    USART_SendBreak                          0x080013b5   Thumb Code    10  stm32f4xx_usart.o(.text)
    USART_HalfDuplexCmd                      0x080013bf   Thumb Code    24  stm32f4xx_usart.o(.text)
    USART_SetGuardTime                       0x080013d7   Thumb Code    16  stm32f4xx_usart.o(.text)
    USART_SmartCardCmd                       0x080013e7   Thumb Code    24  stm32f4xx_usart.o(.text)
    USART_SmartCardNACKCmd                   0x080013ff   Thumb Code    24  stm32f4xx_usart.o(.text)
    USART_IrDAConfig                         0x08001417   Thumb Code    18  stm32f4xx_usart.o(.text)
    USART_IrDACmd                            0x08001429   Thumb Code    24  stm32f4xx_usart.o(.text)
    USART_DMACmd                             0x08001441   Thumb Code    18  stm32f4xx_usart.o(.text)
    USART_ITConfig                           0x08001453   Thumb Code    74  stm32f4xx_usart.o(.text)
    USART_GetFlagStatus                      0x0800149d   Thumb Code    26  stm32f4xx_usart.o(.text)
    USART_ClearFlag                          0x080014b7   Thumb Code    18  stm32f4xx_usart.o(.text)
    USART_GetITStatus                        0x080014c9   Thumb Code   118  stm32f4xx_usart.o(.text)
    USART_ClearITPendingBit                  0x0800153f   Thumb Code    30  stm32f4xx_usart.o(.text)
    RCC_DeInit                               0x0800155d   Thumb Code    82  stm32f4xx_rcc.o(.text)
    RCC_HSEConfig                            0x080015af   Thumb Code    14  stm32f4xx_rcc.o(.text)
    RCC_GetFlagStatus                        0x080015bd   Thumb Code    60  stm32f4xx_rcc.o(.text)
    RCC_WaitForHSEStartUp                    0x080015f9   Thumb Code    56  stm32f4xx_rcc.o(.text)
    RCC_AdjustHSICalibrationValue            0x08001631   Thumb Code    20  stm32f4xx_rcc.o(.text)
    RCC_HSICmd                               0x08001645   Thumb Code     6  stm32f4xx_rcc.o(.text)
    RCC_LSEConfig                            0x0800164b   Thumb Code    46  stm32f4xx_rcc.o(.text)
    RCC_LSICmd                               0x08001679   Thumb Code     6  stm32f4xx_rcc.o(.text)
    RCC_PLLConfig                            0x0800167f   Thumb Code    32  stm32f4xx_rcc.o(.text)
    RCC_PLLCmd                               0x0800169f   Thumb Code     6  stm32f4xx_rcc.o(.text)
    RCC_PLLI2SConfig                         0x080016a5   Thumb Code    14  stm32f4xx_rcc.o(.text)
    RCC_PLLI2SCmd                            0x080016b3   Thumb Code     6  stm32f4xx_rcc.o(.text)
    RCC_PLLSAIConfig                         0x080016b9   Thumb Code    20  stm32f4xx_rcc.o(.text)
    RCC_PLLSAICmd                            0x080016cd   Thumb Code     6  stm32f4xx_rcc.o(.text)
    RCC_ClockSecuritySystemCmd               0x080016d3   Thumb Code     6  stm32f4xx_rcc.o(.text)
    RCC_MCO1Config                           0x080016d9   Thumb Code    28  stm32f4xx_rcc.o(.text)
    RCC_MCO2Config                           0x080016f5   Thumb Code    28  stm32f4xx_rcc.o(.text)
    RCC_SYSCLKConfig                         0x08001711   Thumb Code    20  stm32f4xx_rcc.o(.text)
    RCC_GetSYSCLKSource                      0x08001725   Thumb Code    12  stm32f4xx_rcc.o(.text)
    RCC_HCLKConfig                           0x08001731   Thumb Code    20  stm32f4xx_rcc.o(.text)
    RCC_PCLK1Config                          0x08001745   Thumb Code    20  stm32f4xx_rcc.o(.text)
    RCC_PCLK2Config                          0x08001759   Thumb Code    22  stm32f4xx_rcc.o(.text)
    RCC_GetClocksFreq                        0x0800176f   Thumb Code   222  stm32f4xx_rcc.o(.text)
    RCC_RTCCLKConfig                         0x0800184d   Thumb Code    54  stm32f4xx_rcc.o(.text)
    RCC_RTCCLKCmd                            0x08001883   Thumb Code     8  stm32f4xx_rcc.o(.text)
    RCC_BackupResetCmd                       0x0800188b   Thumb Code     8  stm32f4xx_rcc.o(.text)
    RCC_I2SCLKConfig                         0x08001893   Thumb Code     6  stm32f4xx_rcc.o(.text)
    RCC_SAIPLLI2SClkDivConfig                0x08001899   Thumb Code    26  stm32f4xx_rcc.o(.text)
    RCC_SAIPLLSAIClkDivConfig                0x080018b3   Thumb Code    28  stm32f4xx_rcc.o(.text)
    RCC_SAIBlockACLKConfig                   0x080018cf   Thumb Code    20  stm32f4xx_rcc.o(.text)
    RCC_SAIBlockBCLKConfig                   0x080018e3   Thumb Code    20  stm32f4xx_rcc.o(.text)
    RCC_LTDCCLKDivConfig                     0x080018f7   Thumb Code    20  stm32f4xx_rcc.o(.text)
    RCC_TIMCLKPresConfig                     0x0800190b   Thumb Code     6  stm32f4xx_rcc.o(.text)
    RCC_AHB1PeriphClockCmd                   0x08001911   Thumb Code    34  stm32f4xx_rcc.o(.text)
    RCC_AHB2PeriphClockCmd                   0x08001933   Thumb Code    78  stm32f4xx_rcc.o(.text)
    RCC_AHB3PeriphClockCmd                   0x08001981   Thumb Code    34  stm32f4xx_rcc.o(.text)
    RCC_APB1PeriphClockCmd                   0x080019a3   Thumb Code    34  stm32f4xx_rcc.o(.text)
    RCC_APB2PeriphClockCmd                   0x080019c5   Thumb Code    34  stm32f4xx_rcc.o(.text)
    RCC_AHB1PeriphResetCmd                   0x080019e7   Thumb Code    34  stm32f4xx_rcc.o(.text)
    RCC_AHB2PeriphResetCmd                   0x08001a09   Thumb Code    34  stm32f4xx_rcc.o(.text)
    RCC_AHB3PeriphResetCmd                   0x08001a2b   Thumb Code    34  stm32f4xx_rcc.o(.text)
    RCC_APB1PeriphResetCmd                   0x08001a4d   Thumb Code    34  stm32f4xx_rcc.o(.text)
    RCC_APB2PeriphResetCmd                   0x08001a6f   Thumb Code    34  stm32f4xx_rcc.o(.text)
    RCC_AHB1PeriphClockLPModeCmd             0x08001a91   Thumb Code    34  stm32f4xx_rcc.o(.text)
    RCC_AHB2PeriphClockLPModeCmd             0x08001ab3   Thumb Code    34  stm32f4xx_rcc.o(.text)
    RCC_AHB3PeriphClockLPModeCmd             0x08001ad5   Thumb Code    34  stm32f4xx_rcc.o(.text)
    RCC_APB1PeriphClockLPModeCmd             0x08001af7   Thumb Code    34  stm32f4xx_rcc.o(.text)
    RCC_APB2PeriphClockLPModeCmd             0x08001b19   Thumb Code    34  stm32f4xx_rcc.o(.text)
    RCC_LSEModeConfig                        0x08001b3b   Thumb Code    40  stm32f4xx_rcc.o(.text)
    RCC_ITConfig                             0x08001b63   Thumb Code    34  stm32f4xx_rcc.o(.text)
    RCC_ClearFlag                            0x08001b85   Thumb Code    18  stm32f4xx_rcc.o(.text)
    RCC_GetITStatus                          0x08001b97   Thumb Code    22  stm32f4xx_rcc.o(.text)
    RCC_ClearITPendingBit                    0x08001bad   Thumb Code     8  stm32f4xx_rcc.o(.text)
    TIM_DeInit                               0x08001bb9   Thumb Code   346  stm32f4xx_tim.o(.text)
    TIM_TimeBaseInit                         0x08001d13   Thumb Code   104  stm32f4xx_tim.o(.text)
    TIM_TimeBaseStructInit                   0x08001d7b   Thumb Code    18  stm32f4xx_tim.o(.text)
    TIM_PrescalerConfig                      0x08001d8d   Thumb Code     6  stm32f4xx_tim.o(.text)
    TIM_CounterModeConfig                    0x08001d93   Thumb Code    18  stm32f4xx_tim.o(.text)
    TIM_SetCounter                           0x08001da5   Thumb Code     4  stm32f4xx_tim.o(.text)
    TIM_SetAutoreload                        0x08001da9   Thumb Code     4  stm32f4xx_tim.o(.text)
    TIM_GetCounter                           0x08001dad   Thumb Code     6  stm32f4xx_tim.o(.text)
    TIM_GetPrescaler                         0x08001db3   Thumb Code     6  stm32f4xx_tim.o(.text)
    TIM_UpdateDisableConfig                  0x08001db9   Thumb Code    24  stm32f4xx_tim.o(.text)
    TIM_UpdateRequestConfig                  0x08001dd1   Thumb Code    24  stm32f4xx_tim.o(.text)
    TIM_ARRPreloadConfig                     0x08001de9   Thumb Code    24  stm32f4xx_tim.o(.text)
    TIM_SelectOnePulseMode                   0x08001e01   Thumb Code    18  stm32f4xx_tim.o(.text)
    TIM_SetClockDivision                     0x08001e13   Thumb Code    18  stm32f4xx_tim.o(.text)
    TIM_Cmd                                  0x08001e25   Thumb Code    24  stm32f4xx_tim.o(.text)
    TIM_OC1Init                              0x08001e3d   Thumb Code   114  stm32f4xx_tim.o(.text)
    TIM_OC2Init                              0x08001eaf   Thumb Code   154  stm32f4xx_tim.o(.text)
    TIM_OC3Init                              0x08001f49   Thumb Code   204  stm32f4xx_tim.o(.text)
    TIM_OC4Init                              0x08002015   Thumb Code   112  stm32f4xx_tim.o(.text)
    TIM_OCStructInit                         0x08002085   Thumb Code    20  stm32f4xx_tim.o(.text)
    TIM_SelectOCxM                           0x08002099   Thumb Code    86  stm32f4xx_tim.o(.text)
    TIM_SetCompare1                          0x080020ef   Thumb Code     4  stm32f4xx_tim.o(.text)
    TIM_SetCompare2                          0x080020f3   Thumb Code     4  stm32f4xx_tim.o(.text)
    TIM_SetCompare3                          0x080020f7   Thumb Code     4  stm32f4xx_tim.o(.text)
    TIM_SetCompare4                          0x080020fb   Thumb Code     4  stm32f4xx_tim.o(.text)
    TIM_ForcedOC1Config                      0x080020ff   Thumb Code    18  stm32f4xx_tim.o(.text)
    TIM_ForcedOC2Config                      0x08002111   Thumb Code    26  stm32f4xx_tim.o(.text)
    TIM_ForcedOC3Config                      0x0800212b   Thumb Code    18  stm32f4xx_tim.o(.text)
    TIM_ForcedOC4Config                      0x0800213d   Thumb Code    26  stm32f4xx_tim.o(.text)
    TIM_OC1PreloadConfig                     0x08002157   Thumb Code    18  stm32f4xx_tim.o(.text)
    TIM_OC2PreloadConfig                     0x08002169   Thumb Code    26  stm32f4xx_tim.o(.text)
    TIM_OC3PreloadConfig                     0x08002183   Thumb Code    18  stm32f4xx_tim.o(.text)
    TIM_OC4PreloadConfig                     0x08002195   Thumb Code    26  stm32f4xx_tim.o(.text)
    TIM_OC1FastConfig                        0x080021af   Thumb Code    18  stm32f4xx_tim.o(.text)
    TIM_OC2FastConfig                        0x080021c1   Thumb Code    26  stm32f4xx_tim.o(.text)
    TIM_OC3FastConfig                        0x080021db   Thumb Code    18  stm32f4xx_tim.o(.text)
    TIM_OC4FastConfig                        0x080021ed   Thumb Code    26  stm32f4xx_tim.o(.text)
    TIM_ClearOC1Ref                          0x08002207   Thumb Code    18  stm32f4xx_tim.o(.text)
    TIM_ClearOC2Ref                          0x08002219   Thumb Code    24  stm32f4xx_tim.o(.text)
    TIM_ClearOC3Ref                          0x08002231   Thumb Code    18  stm32f4xx_tim.o(.text)
    TIM_ClearOC4Ref                          0x08002243   Thumb Code    24  stm32f4xx_tim.o(.text)
    TIM_OC1PolarityConfig                    0x0800225b   Thumb Code    18  stm32f4xx_tim.o(.text)
    TIM_OC1NPolarityConfig                   0x0800226d   Thumb Code    18  stm32f4xx_tim.o(.text)
    TIM_OC2PolarityConfig                    0x0800227f   Thumb Code    26  stm32f4xx_tim.o(.text)
    TIM_OC2NPolarityConfig                   0x08002299   Thumb Code    26  stm32f4xx_tim.o(.text)
    TIM_OC3PolarityConfig                    0x080022b3   Thumb Code    26  stm32f4xx_tim.o(.text)
    TIM_OC3NPolarityConfig                   0x080022cd   Thumb Code    26  stm32f4xx_tim.o(.text)
    TIM_OC4PolarityConfig                    0x080022e7   Thumb Code    26  stm32f4xx_tim.o(.text)
    TIM_CCxCmd                               0x08002301   Thumb Code    30  stm32f4xx_tim.o(.text)
    TIM_CCxNCmd                              0x0800231f   Thumb Code    30  stm32f4xx_tim.o(.text)
    TIM_SetIC4Prescaler                      0x0800233d   Thumb Code    26  stm32f4xx_tim.o(.text)
    TIM_SetIC3Prescaler                      0x080023a7   Thumb Code    18  stm32f4xx_tim.o(.text)
    TIM_SetIC2Prescaler                      0x08002401   Thumb Code    26  stm32f4xx_tim.o(.text)
    TIM_SetIC1Prescaler                      0x08002475   Thumb Code    18  stm32f4xx_tim.o(.text)
    TIM_ICInit                               0x080024c1   Thumb Code   110  stm32f4xx_tim.o(.text)
    TIM_ICStructInit                         0x0800252f   Thumb Code    18  stm32f4xx_tim.o(.text)
    TIM_PWMIConfig                           0x08002541   Thumb Code   124  stm32f4xx_tim.o(.text)
    TIM_GetCapture1                          0x080025bd   Thumb Code     6  stm32f4xx_tim.o(.text)
    TIM_GetCapture2                          0x080025c3   Thumb Code     6  stm32f4xx_tim.o(.text)
    TIM_GetCapture3                          0x080025c9   Thumb Code     6  stm32f4xx_tim.o(.text)
    TIM_GetCapture4                          0x080025cf   Thumb Code     6  stm32f4xx_tim.o(.text)
    TIM_BDTRConfig                           0x080025d5   Thumb Code    32  stm32f4xx_tim.o(.text)
    TIM_BDTRStructInit                       0x080025f5   Thumb Code    18  stm32f4xx_tim.o(.text)
    TIM_CtrlPWMOutputs                       0x08002607   Thumb Code    30  stm32f4xx_tim.o(.text)
    TIM_SelectCOM                            0x08002625   Thumb Code    24  stm32f4xx_tim.o(.text)
    TIM_CCPreloadControl                     0x0800263d   Thumb Code    24  stm32f4xx_tim.o(.text)
    TIM_ITConfig                             0x08002655   Thumb Code    18  stm32f4xx_tim.o(.text)
    TIM_GenerateEvent                        0x08002667   Thumb Code     4  stm32f4xx_tim.o(.text)
    TIM_GetFlagStatus                        0x0800266b   Thumb Code    18  stm32f4xx_tim.o(.text)
    TIM_ClearFlag                            0x0800267d   Thumb Code     6  stm32f4xx_tim.o(.text)
    TIM_GetITStatus                          0x08002683   Thumb Code    34  stm32f4xx_tim.o(.text)
    TIM_ClearITPendingBit                    0x080026a5   Thumb Code     6  stm32f4xx_tim.o(.text)
    TIM_DMAConfig                            0x080026ab   Thumb Code    10  stm32f4xx_tim.o(.text)
    TIM_DMACmd                               0x080026b5   Thumb Code    18  stm32f4xx_tim.o(.text)
    TIM_SelectCCDMA                          0x080026c7   Thumb Code    24  stm32f4xx_tim.o(.text)
    TIM_InternalClockConfig                  0x080026df   Thumb Code    12  stm32f4xx_tim.o(.text)
    TIM_SelectInputTrigger                   0x080026eb   Thumb Code    18  stm32f4xx_tim.o(.text)
    TIM_ITRxExternalClockConfig              0x080026fd   Thumb Code    24  stm32f4xx_tim.o(.text)
    TIM_TIxExternalClockConfig               0x08002715   Thumb Code    62  stm32f4xx_tim.o(.text)
    TIM_ETRConfig                            0x08002753   Thumb Code    28  stm32f4xx_tim.o(.text)
    TIM_ETRClockMode1Config                  0x0800276f   Thumb Code    54  stm32f4xx_tim.o(.text)
    TIM_ETRClockMode2Config                  0x080027a5   Thumb Code    32  stm32f4xx_tim.o(.text)
    TIM_SelectOutputTrigger                  0x080027c5   Thumb Code    18  stm32f4xx_tim.o(.text)
    TIM_SelectSlaveMode                      0x080027d7   Thumb Code    18  stm32f4xx_tim.o(.text)
    TIM_SelectMasterSlaveMode                0x080027e9   Thumb Code    18  stm32f4xx_tim.o(.text)
    TIM_EncoderInterfaceConfig               0x080027fb   Thumb Code    66  stm32f4xx_tim.o(.text)
    TIM_SelectHallSensor                     0x0800283d   Thumb Code    24  stm32f4xx_tim.o(.text)
    TIM_RemapConfig                          0x08002855   Thumb Code     6  stm32f4xx_tim.o(.text)
    delay_init                               0x0800285d   Thumb Code    52  delay.o(.text)
    delay_us                                 0x08002891   Thumb Code    72  delay.o(.text)
    delay_xms                                0x080028d9   Thumb Code    72  delay.o(.text)
    delay_ms                                 0x08002921   Thumb Code    56  delay.o(.text)
    _sys_exit                                0x08002961   Thumb Code     4  usart.o(.text)
    fputc                                    0x08002965   Thumb Code    22  usart.o(.text)
    uart1_init                               0x0800297b   Thumb Code   172  usart.o(.text)
    USART1_IRQHandler                        0x08002a27   Thumb Code    48  usart.o(.text)
    uart3_init                               0x08002a57   Thumb Code   166  usart.o(.text)
    USART3_IRQHandler                        0x08002afd   Thumb Code   122  usart.o(.text)
    SentInstruction                          0x08002b77   Thumb Code    74  usart.o(.text)
    TIMx_NVIC_Configuration                  0x08002bd5   Thumb Code    42  tim.o(.text)
    TIM_Mode_Config                          0x08002bff   Thumb Code    56  tim.o(.text)
    TIM6_DAC_IRQHandler                      0x08002c37   Thumb Code    28  tim.o(.text)
    SM12126_GPIO_Init                        0x08002c5d   Thumb Code   132  sm12126.o(.text)
    WriteData                                0x08002ce1   Thumb Code    30  sm12126.o(.text)
    OpenLED                                  0x08002cff   Thumb Code    22  sm12126.o(.text)
    CloseLED                                 0x08002d15   Thumb Code     8  sm12126.o(.text)
    StartLatch                               0x08002d1d   Thumb Code    18  sm12126.o(.text)
    TFCard_Init                              0x08002d51   Thumb Code    16  tfcard.o(.text)
    TFCard_Deinit                            0x08002d61   Thumb Code    12  tfcard.o(.text)
    OpenFile                                 0x08002d6d   Thumb Code    16  tfcard.o(.text)
    ReadFile                                 0x08002d7d   Thumb Code    18  tfcard.o(.text)
    CloseFile                                0x08002d8f   Thumb Code    10  tfcard.o(.text)
    convert                                  0x08002d99   Thumb Code   620  tfcard.o(.text)
    Level_GPIO_Init                          0x08003025   Thumb Code    98  led_cube.o(.text)
    SelectLevel                              0x08003087   Thumb Code   368  led_cube.o(.text)
    FreshLevel                               0x080031f7   Thumb Code    40  led_cube.o(.text)
    ShowOneTotem                             0x0800321f   Thumb Code  1866  led_cube.o(.text)
    ShowALL                                  0x08003969   Thumb Code    46  led_cube.o(.text)
    ShowMAGIC                                0x08003997   Thumb Code    46  led_cube.o(.text)
    ShowMagicDy                              0x080039c5   Thumb Code    52  led_cube.o(.text)
    ShowJJ                                   0x080039f9   Thumb Code    46  led_cube.o(.text)
    ShowNONE                                 0x08003a27   Thumb Code    42  led_cube.o(.text)
    ShowFPGA                                 0x08003a51   Thumb Code    78  led_cube.o(.text)
    ShowCUBE                                 0x08003a9f   Thumb Code    48  led_cube.o(.text)
    ShowSPIRAL                               0x08003acf   Thumb Code    48  led_cube.o(.text)
    ShowSWIRLS                               0x08003aff   Thumb Code    50  led_cube.o(.text)
    ShowRIPPLE                               0x08003b31   Thumb Code    52  led_cube.o(.text)
    ShowIMP                                  0x08003b65   Thumb Code    52  led_cube.o(.text)
    ShowSIN                                  0x08003b99   Thumb Code    52  led_cube.o(.text)
    ShowCOUNT                                0x08003bcd   Thumb Code    96  led_cube.o(.text)
    disk_initialize                          0x08003c99   Thumb Code    52  diskio.o(.text)
    disk_status                              0x08003ccd   Thumb Code    30  diskio.o(.text)
    disk_read                                0x08003ceb   Thumb Code    90  diskio.o(.text)
    disk_write                               0x08003d45   Thumb Code    90  diskio.o(.text)
    disk_ioctl                               0x08003d9f   Thumb Code   162  diskio.o(.text)
    get_fattime                              0x08003e41   Thumb Code     4  diskio.o(.text)
    clust2sect                               0x08003fed   Thumb Code    26  ff.o(.text)
    get_fat                                  0x08004007   Thumb Code   228  ff.o(.text)
    put_fat                                  0x080040eb   Thumb Code   310  ff.o(.text)
    f_mount                                  0x08004d17   Thumb Code    38  ff.o(.text)
    f_open                                   0x08004d3d   Thumb Code   366  ff.o(.text)
    f_read                                   0x08004eab   Thumb Code   494  ff.o(.text)
    f_write                                  0x08005099   Thumb Code   544  ff.o(.text)
    f_sync                                   0x080052b9   Thumb Code   184  ff.o(.text)
    f_close                                  0x08005371   Thumb Code    22  ff.o(.text)
    f_lseek                                  0x08005387   Thumb Code   734  ff.o(.text)
    f_opendir                                0x08005665   Thumb Code   110  ff.o(.text)
    f_readdir                                0x080056d3   Thumb Code    88  ff.o(.text)
    f_stat                                   0x0800572b   Thumb Code    58  ff.o(.text)
    f_getfree                                0x08005765   Thumb Code   276  ff.o(.text)
    f_truncate                               0x08005879   Thumb Code   156  ff.o(.text)
    f_unlink                                 0x08005915   Thumb Code   178  ff.o(.text)
    f_mkdir                                  0x080059c7   Thumb Code   384  ff.o(.text)
    f_chmod                                  0x08005b47   Thumb Code    84  ff.o(.text)
    f_utime                                  0x08005b9b   Thumb Code    86  ff.o(.text)
    f_rename                                 0x08005bf1   Thumb Code   290  ff.o(.text)
    f_gets                                   0x08005d13   Thumb Code    78  ff.o(.text)
    f_putc                                   0x08005d61   Thumb Code    38  ff.o(.text)
    f_puts                                   0x08005d87   Thumb Code    42  ff.o(.text)
    f_printf                                 0x08005db1   Thumb Code   700  ff.o(.text)
    MSD0_spi_read_write                      0x0800606d   Thumb Code    44  spi_msd0_driver.o(.text)
    SD_DMA_Config                            0x08006099   Thumb Code   142  spi_msd0_driver.o(.text)
    MSD0_SPIHighSpeed                        0x08006127   Thumb Code    84  spi_msd0_driver.o(.text)
    MSD0_SPI_Configuration                   0x0800617b   Thumb Code   170  spi_msd0_driver.o(.text)
    MSD0_send_command_hold                   0x08006225   Thumb Code   108  spi_msd0_driver.o(.text)
    MSD0_send_command                        0x08006291   Thumb Code   122  spi_msd0_driver.o(.text)
    MSD0_Init                                0x0800630b   Thumb Code   586  spi_msd0_driver.o(.text)
    MSD0_read_buffer                         0x08006555   Thumb Code   378  spi_msd0_driver.o(.text)
    MSD0_GetCardInfo                         0x080066cf   Thumb Code   752  spi_msd0_driver.o(.text)
    MSD0_ReadSingleBlock                     0x080069bf   Thumb Code    62  spi_msd0_driver.o(.text)
    MSD0_ReadMultiBlock                      0x080069fd   Thumb Code   124  spi_msd0_driver.o(.text)
    MSD0_WriteSingleBlock                    0x08006a79   Thumb Code   192  spi_msd0_driver.o(.text)
    MSD0_WriteMultiBlock                     0x08006b39   Thumb Code   274  spi_msd0_driver.o(.text)
    __aeabi_memcpy                           0x08006c55   Thumb Code    36  memcpya.o(.text)
    __aeabi_memcpy4                          0x08006c55   Thumb Code     0  memcpya.o(.text)
    __aeabi_memcpy8                          0x08006c55   Thumb Code     0  memcpya.o(.text)
    __scatterload                            0x08006c79   Thumb Code    28  init.o(.text)
    __scatterload_rt2                        0x08006c79   Thumb Code     0  init.o(.text)
    __decompress                             0x08006c9d   Thumb Code     0  __dczerorl2.o(.text)
    __decompress1                            0x08006c9d   Thumb Code    86  __dczerorl2.o(.text)
    __scatterload_copy                       0x08006cf3   Thumb Code    14  handlers.o(i.__scatterload_copy)
    __scatterload_null                       0x08006d01   Thumb Code     2  handlers.o(i.__scatterload_null)
    __scatterload_zeroinit                   0x08006d03   Thumb Code    14  handlers.o(i.__scatterload_zeroinit)
    Region$$Table$$Base                      0x0800a828   Number         0  anon$$obj.o(Region$$Table)
    Region$$Table$$Limit                     0x0800a848   Number         0  anon$$obj.o(Region$$Table)
    SystemCoreClock                          0x20000000   Data           4  system_stm32f4xx.o(.data)
    AHBPrescTable                            0x20000004   Data          16  system_stm32f4xx.o(.data)
    Cube_Index                               0x20000028   Data           1  usart.o(.data)
    Emotion_Index                            0x20000029   Data           1  usart.o(.data)
    i                                        0x2000002c   Data           4  usart.o(.data)
    __stdout                                 0x20000030   Data           4  usart.o(.data)
    USART1_RX_STA                            0x20000034   Data           2  usart.o(.data)
    USART3_RX_STA                            0x20000036   Data           2  usart.o(.data)
    _1msflag                                 0x20000038   Data           4  tim.o(.data)
    fnum                                     0x2000003c   Data           4  tfcard.o(.data)
    res_flash                                0x20000040   Data           1  tfcard.o(.data)
    cube                                     0x2000004c   Data         520  led_cube.o(.data)
    spiral                                   0x20000254   Data         792  led_cube.o(.data)
    swirls                                   0x2000056c   Data        1056  led_cube.o(.data)
    ripple                                   0x2000098c   Data         768  led_cube.o(.data)
    imp                                      0x20000c8c   Data         680  led_cube.o(.data)
    Sin                                      0x20000f34   Data         256  led_cube.o(.data)
    MagicDy                                  0x20001034   Data          48  led_cube.o(.data)
    count                                    0x20001064   Data         132  led_cube.o(.data)
    NONE_flag                                0x200010e8   Data           4  led_cube.o(.data)
    ALL_flag                                 0x200010ec   Data           4  led_cube.o(.data)
    MAGIC_flag                               0x200010f0   Data           4  led_cube.o(.data)
    JJ_flag                                  0x200010f4   Data           4  led_cube.o(.data)
    speed                                    0x20001104   Data           4  spi_msd0_driver.o(.data)
    fs                                       0x2000110c   Data         560  tfcard.o(.bss)
    fnew                                     0x2000133c   Data         552  tfcard.o(.bss)
    buffer                                   0x20001564   Data       10368  tfcard.o(.bss)
    Face                                     0x20003de4   Data       20736  tfcard.o(.bss)
    map                                      0x20008ee4   Data        6912  tfcard.o(.bss)
    SD0_CardInfo                             0x2000a9e4   Data          88  spi_msd0_driver.o(.bss)
    __initial_sp                             0x2000ae40   Data           0  startup_stm32f40_41xxx.o(STACK)



==============================================================================

Memory Map of the image

  Image Entry point : 0x08000189

  Load Region LR_IROM1 (Base: 0x08000000, Size: 0x0000b954, Max: 0x00080000, ABSOLUTE, COMPRESSED[0x0000b5bc])

    Execution Region ER_IROM1 (Exec base: 0x08000000, Load base: 0x08000000, Size: 0x0000a848, Max: 0x00080000, ABSOLUTE)

    Exec Addr    Load Addr    Size         Type   Attr      Idx    E Section Name        Object

    0x08000000   0x08000000   0x00000188   Data   RO          224    RESET               startup_stm32f40_41xxx.o
    0x08000188   0x08000188   0x00000000   Code   RO          742  * .ARM.Collect$$$$00000000  mc_w.l(entry.o)
    0x08000188   0x08000188   0x00000004   Code   RO          749    .ARM.Collect$$$$00000001  mc_w.l(entry2.o)
    0x0800018c   0x0800018c   0x00000004   Code   RO          752    .ARM.Collect$$$$00000004  mc_w.l(entry5.o)
    0x08000190   0x08000190   0x00000000   Code   RO          754    .ARM.Collect$$$$00000008  mc_w.l(entry7b.o)
    0x08000190   0x08000190   0x00000000   Code   RO          756    .ARM.Collect$$$$0000000A  mc_w.l(entry8b.o)
    0x08000190   0x08000190   0x00000008   Code   RO          757    .ARM.Collect$$$$0000000B  mc_w.l(entry9a.o)
    0x08000198   0x08000198   0x00000000   Code   RO          759    .ARM.Collect$$$$0000000D  mc_w.l(entry10a.o)
    0x08000198   0x08000198   0x00000000   Code   RO          761    .ARM.Collect$$$$0000000F  mc_w.l(entry11a.o)
    0x08000198   0x08000198   0x00000004   Code   RO          750    .ARM.Collect$$$$00002712  mc_w.l(entry2.o)
    0x0800019c   0x0800019c   0x00000180   Code   RO            3    .text               main.o
    0x0800031c   0x0800031c   0x0000001a   Code   RO          175    .text               stm32f4xx_it.o
    0x08000336   0x08000336   0x00000002   PAD
    0x08000338   0x08000338   0x00000210   Code   RO          198    .text               system_stm32f4xx.o
    0x08000548   0x08000548   0x00000024   Code   RO          225    .text               startup_stm32f40_41xxx.o
    0x0800056c   0x0800056c   0x000000e0   Code   RO          231    .text               misc.o
    0x0800064c   0x0800064c   0x000003a8   Code   RO          317    .text               stm32f4xx_dma.o
    0x080009f4   0x080009f4   0x00000294   Code   RO          357    .text               stm32f4xx_gpio.o
    0x08000c88   0x08000c88   0x00000480   Code   RO          397    .text               stm32f4xx_spi.o
    0x08001108   0x08001108   0x00000454   Code   RO          417    .text               stm32f4xx_usart.o
    0x0800155c   0x0800155c   0x0000065c   Code   RO          437    .text               stm32f4xx_rcc.o
    0x08001bb8   0x08001bb8   0x00000ca2   Code   RO          459    .text               stm32f4xx_tim.o
    0x0800285a   0x0800285a   0x00000002   PAD
    0x0800285c   0x0800285c   0x00000104   Code   RO          479    .text               delay.o
    0x08002960   0x08002960   0x00000274   Code   RO          519    .text               usart.o
    0x08002bd4   0x08002bd4   0x00000088   Code   RO          554    .text               tim.o
    0x08002c5c   0x08002c5c   0x000000f4   Code   RO          580    .text               sm12126.o
    0x08002d50   0x08002d50   0x000002d4   Code   RO          600    .text               tfcard.o
    0x08003024   0x08003024   0x00000c74   Code   RO          634    .text               led_cube.o
    0x08003c98   0x08003c98   0x000001b0   Code   RO          666    .text               diskio.o
    0x08003e48   0x08003e48   0x00002224   Code   RO          687    .text               ff.o
    0x0800606c   0x0800606c   0x00000be8   Code   RO          717    .text               spi_msd0_driver.o
    0x08006c54   0x08006c54   0x00000024   Code   RO          745    .text               mc_w.l(memcpya.o)
    0x08006c78   0x08006c78   0x00000024   Code   RO          763    .text               mc_w.l(init.o)
    0x08006c9c   0x08006c9c   0x00000056   Code   RO          773    .text               mc_w.l(__dczerorl2.o)
    0x08006cf2   0x08006cf2   0x0000000e   Code   RO          767    i.__scatterload_copy  mc_w.l(handlers.o)
    0x08006d00   0x08006d00   0x00000002   Code   RO          768    i.__scatterload_null  mc_w.l(handlers.o)
    0x08006d02   0x08006d02   0x0000000e   Code   RO          769    i.__scatterload_zeroinit  mc_w.l(handlers.o)
    0x08006d10   0x08006d10   0x00000050   Data   RO          635    .constdata          led_cube.o
    0x08006d60   0x08006d60   0x00000080   Data   RO          688    .constdata          ff.o
    0x08006de0   0x08006de0   0x00003a47   Data   RO          636    .conststring        led_cube.o
    0x0800a827   0x0800a827   0x00000001   PAD
    0x0800a828   0x0800a828   0x00000020   Data   RO          765    Region$$Table       anon$$obj.o


    Execution Region RW_IRAM1 (Exec base: 0x20000000, Load base: 0x0800a848, Size: 0x0000ae40, Max: 0x00020000, ABSOLUTE, COMPRESSED[0x00000d74])

    Exec Addr    Load Addr    Size         Type   Attr      Idx    E Section Name        Object

    0x20000000   COMPRESSED   0x00000014   Data   RW          199    .data               system_stm32f4xx.o
    0x20000014   COMPRESSED   0x00000010   Data   RW          438    .data               stm32f4xx_rcc.o
    0x20000024   COMPRESSED   0x00000004   Data   RW          480    .data               delay.o
    0x20000028   COMPRESSED   0x00000010   Data   RW          521    .data               usart.o
    0x20000038   COMPRESSED   0x00000004   Data   RW          555    .data               tim.o
    0x2000003c   COMPRESSED   0x0000000c   Data   RW          602    .data               tfcard.o
    0x20000048   COMPRESSED   0x000010b0   Data   RW          637    .data               led_cube.o
    0x200010f8   COMPRESSED   0x00000006   Data   RW          689    .data               ff.o
    0x200010fe   COMPRESSED   0x00000002   PAD
    0x20001100   COMPRESSED   0x0000000c   Data   RW          719    .data               spi_msd0_driver.o
    0x2000110c        -       0x000098d8   Zero   RW          601    .bss                tfcard.o
    0x2000a9e4        -       0x00000058   Zero   RW          718    .bss                spi_msd0_driver.o
    0x2000aa3c   COMPRESSED   0x00000004   PAD
    0x2000aa40        -       0x00000400   Zero   RW          222    STACK               startup_stm32f40_41xxx.o


==============================================================================

Image component sizes


      Code (inc. data)   RO Data    RW Data    ZI Data      Debug   Object Name

       260          8          0          4          0       1645   delay.o
       432         36          0          0          0       3141   diskio.o
      8740         44        128          6          0      25934   ff.o
      3188        152      14999       4272          0       6333   led_cube.o
       384         34          0          0          0      75891   main.o
       224         20          0          0          0     231297   misc.o
       244         34          0          0          0       1418   sm12126.o
      3048         62          0         12         88      10207   spi_msd0_driver.o
        36          8        392          0       1024        892   startup_stm32f40_41xxx.o
       936         32          0          0          0       6557   stm32f4xx_dma.o
       660         44          0          0          0       4321   stm32f4xx_gpio.o
        26          0          0          0          0       1306   stm32f4xx_it.o
      1628         52          0         16          0      13280   stm32f4xx_rcc.o
      1152         36          0          0          0       7073   stm32f4xx_spi.o
      3234         60          0          0          0      23180   stm32f4xx_tim.o
      1108         34          0          0          0       8048   stm32f4xx_usart.o
       528         46          0         20          0       2023   system_stm32f4xx.o
       724         32          0         12      39128       5237   tfcard.o
       136         10          0          4          0       1345   tim.o
       628         20          0         16          0       7669   usart.o

    ----------------------------------------------------------------------
     27320        764      15552       4364      40244     436797   Object Totals
         0          0         32          0          0          0   (incl. Generated)
         4          0          1          2          4          0   (incl. Padding)

    ----------------------------------------------------------------------

      Code (inc. data)   RO Data    RW Data    ZI Data      Debug   Library Member Name

        86          0          0          0          0          0   __dczerorl2.o
         0          0          0          0          0          0   entry.o
         0          0          0          0          0          0   entry10a.o
         0          0          0          0          0          0   entry11a.o
         8          4          0          0          0          0   entry2.o
         4          0          0          0          0          0   entry5.o
         0          0          0          0          0          0   entry7b.o
         0          0          0          0          0          0   entry8b.o
         8          4          0          0          0          0   entry9a.o
        30          0          0          0          0          0   handlers.o
        36          8          0          0          0         68   init.o
        36          0          0          0          0         68   memcpya.o

    ----------------------------------------------------------------------
       208         16          0          0          0        136   Library Totals
         0          0          0          0          0          0   (incl. Padding)

    ----------------------------------------------------------------------

      Code (inc. data)   RO Data    RW Data    ZI Data      Debug   Library Name

       208         16          0          0          0        136   mc_w.l

    ----------------------------------------------------------------------
       208         16          0          0          0        136   Library Totals

    ----------------------------------------------------------------------

==============================================================================


      Code (inc. data)   RO Data    RW Data    ZI Data      Debug   

     27528        780      15552       4364      40244     433117   Grand Totals
     27528        780      15552       3444      40244     433117   ELF Image Totals (compressed)
     27528        780      15552       3444          0          0   ROM Totals

==============================================================================

    Total RO  Size (Code + RO Data)                43080 (  42.07kB)
    Total RW  Size (RW Data + ZI Data)             44608 (  43.56kB)
    Total ROM Size (Code + RO Data + RW Data)      46524 (  45.43kB)

==============================================================================

